The ``0-add_integer`` module
======================

Using ``add_integer``
-------------------

Importing function from module:

>>> add_integer = __import__('0-add_integer').add_integer

Adding 1 and 2:
>>> add_integer(1, 2)
3

Adding a positive and negative number:
>>> add_integer(100, -2)
98

Adding 2 and the default value of b = 98:
>>> add_integer(2)
100

Adding a floating point number and an integer
>>> add_integer(100.3, -2)
98

Adding an integer and a string
>>> add_integer(4, "School")
Traceback (most recent call last):
	...
TypeError: b must be an integer

Adding with input as **None**
>>> add_integer(None)
Traceback (most recent call last):
	...
TypeError: a must be an integer

